Using worker: worker-linux-3-2.bb.travis-ci.org:travis-linux-18

travis_fold:start:git.1
$ git clone --depth=50 --branch=master git://github.com/networkx/networkx.git networkx/networkx
Cloning into 'networkx/networkx'...
remote: Counting objects: 2541, done.[K
remote: Compressing objects:   0% (1/1195)   [K
remote: Compressing objects:   1% (12/1195)   [K
remote: Compressing objects:   2% (24/1195)   [K
remote: Compressing objects:   3% (36/1195)   [K
remote: Compressing objects:   4% (48/1195)   [K
remote: Compressing objects:   5% (60/1195)   [K
remote: Compressing objects:   6% (72/1195)   [K
remote: Compressing objects:   7% (84/1195)   [K
remote: Compressing objects:   8% (96/1195)   [K
remote: Compressing objects:   9% (108/1195)   [K
remote: Compressing objects:  10% (120/1195)   [K
remote: Compressing objects:  11% (132/1195)   [K
remote: Compressing objects:  12% (144/1195)   [K
remote: Compressing objects:  13% (156/1195)   [K
remote: Compressing objects:  14% (168/1195)   [K
remote: Compressing objects:  15% (180/1195)   [K
remote: Compressing objects:  16% (192/1195)   [K
remote: Compressing objects:  17% (204/1195)   [K
remote: Compressing objects:  18% (216/1195)   [K
remote: Compressing objects:  19% (228/1195)   [K
remote: Compressing objects:  20% (239/1195)   [K
remote: Compressing objects:  21% (251/1195)   [K
remote: Compressing objects:  22% (263/1195)   [K
remote: Compressing objects:  23% (275/1195)   [K
remote: Compressing objects:  24% (287/1195)   [K
remote: Compressing objects:  25% (299/1195)   [K
remote: Compressing objects:  26% (311/1195)   [K
remote: Compressing objects:  27% (323/1195)   [K
remote: Compressing objects:  28% (335/1195)   [K
remote: Compressing objects:  29% (347/1195)   [K
remote: Compressing objects:  30% (359/1195)   [K
remote: Compressing objects:  31% (371/1195)   [K
remote: Compressing objects:  32% (383/1195)   [K
remote: Compressing objects:  33% (395/1195)   [K
remote: Compressing objects:  34% (407/1195)   [K
remote: Compressing objects:  35% (419/1195)   [K
remote: Compressing objects:  36% (431/1195)   [K
remote: Compressing objects:  37% (443/1195)   [K
remote: Compressing objects:  38% (455/1195)   [K
remote: Compressing objects:  39% (467/1195)   [K
remote: Compressing objects:  40% (478/1195)   [K
remote: Compressing objects:  41% (490/1195)   [K
remote: Compressing objects:  42% (502/1195)   [K
remote: Compressing objects:  43% (514/1195)   [K
remote: Compressing objects:  44% (526/1195)   [K
remote: Compressing objects:  45% (538/1195)   [K
remote: Compressing objects:  46% (550/1195)   [K
remote: Compressing objects:  47% (562/1195)   [K
remote: Compressing objects:  48% (574/1195)   [K
remote: Compressing objects:  49% (586/1195)   [K
remote: Compressing objects:  50% (598/1195)   [K
remote: Compressing objects:  51% (610/1195)   [K
remote: Compressing objects:  52% (622/1195)   [K
remote: Compressing objects:  53% (634/1195)   [K
remote: Compressing objects:  54% (646/1195)   [K
remote: Compressing objects:  55% (658/1195)   [K
remote: Compressing objects:  56% (670/1195)   [K
remote: Compressing objects:  57% (682/1195)   [K
remote: Compressing objects:  58% (694/1195)   [K
remote: Compressing objects:  59% (706/1195)   [K
remote: Compressing objects:  60% (717/1195)   [K
remote: Compressing objects:  61% (729/1195)   [K
remote: Compressing objects:  62% (741/1195)   [K
remote: Compressing objects:  63% (753/1195)   [K
remote: Compressing objects:  64% (765/1195)   [K
remote: Compressing objects:  65% (777/1195)   [K
remote: Compressing objects:  66% (789/1195)   [K
remote: Compressing objects:  67% (801/1195)   [K
remote: Compressing objects:  68% (813/1195)   [K
remote: Compressing objects:  69% (825/1195)   [K
remote: Compressing objects:  70% (837/1195)   [K
remote: Compressing objects:  71% (849/1195)   [K
remote: Compressing objects:  72% (861/1195)   [K
remote: Compressing objects:  73% (873/1195)   [K
remote: Compressing objects:  74% (885/1195)   [K
remote: Compressing objects:  75% (897/1195)   [K
remote: Compressing objects:  76% (909/1195)   [K
remote: Compressing objects:  77% (921/1195)   [K
remote: Compressing objects:  78% (933/1195)   [K
remote: Compressing objects:  79% (945/1195)   [K
remote: Compressing objects:  80% (956/1195)   [K
remote: Compressing objects:  81% (968/1195)   [K
remote: Compressing objects:  82% (980/1195)   [K
remote: Compressing objects:  83% (992/1195)   [K
remote: Compressing objects:  84% (1004/1195)   [K
remote: Compressing objects:  85% (1016/1195)   [K
remote: Compressing objects:  86% (1028/1195)   [K
remote: Compressing objects:  87% (1040/1195)   [K
remote: Compressing objects:  88% (1052/1195)   [K
remote: Compressing objects:  89% (1064/1195)   [K
remote: Compressing objects:  90% (1076/1195)   [K
remote: Compressing objects:  91% (1088/1195)   [K
remote: Compressing objects:  92% (1100/1195)   [K
remote: Compressing objects:  93% (1112/1195)   [K
remote: Compressing objects:  94% (1124/1195)   [K
remote: Compressing objects:  95% (1136/1195)   [K
remote: Compressing objects:  96% (1148/1195)   [K
remote: Compressing objects:  97% (1160/1195)   [K
remote: Compressing objects:  98% (1172/1195)   [K
remote: Compressing objects:  99% (1184/1195)   [K
remote: Compressing objects: 100% (1195/1195)   [K
remote: Compressing objects: 100% (1195/1195), done.[K
Receiving objects:   0% (1/2541)
Receiving objects:   1% (26/2541)
Receiving objects:   2% (51/2541)
Receiving objects:   3% (77/2541)
Receiving objects:   4% (102/2541)
Receiving objects:   5% (128/2541)
Receiving objects:   6% (153/2541)
Receiving objects:   7% (178/2541)
Receiving objects:   8% (204/2541)
Receiving objects:   9% (229/2541)
Receiving objects:  10% (255/2541)
Receiving objects:  11% (280/2541)
Receiving objects:  12% (305/2541)
Receiving objects:  13% (331/2541)
Receiving objects:  14% (356/2541)
Receiving objects:  15% (382/2541)
Receiving objects:  16% (407/2541)
Receiving objects:  17% (432/2541)
Receiving objects:  18% (458/2541)
Receiving objects:  19% (483/2541)
Receiving objects:  20% (509/2541)
Receiving objects:  21% (534/2541)
Receiving objects:  22% (560/2541)
Receiving objects:  23% (585/2541)
Receiving objects:  24% (610/2541)
Receiving objects:  25% (636/2541)
Receiving objects:  26% (661/2541)
Receiving objects:  27% (687/2541)
Receiving objects:  28% (712/2541)
Receiving objects:  29% (737/2541)
Receiving objects:  30% (763/2541)
Receiving objects:  31% (788/2541)
Receiving objects:  32% (814/2541)
Receiving objects:  33% (839/2541)
Receiving objects:  34% (864/2541)
Receiving objects:  35% (890/2541)
Receiving objects:  36% (915/2541)
Receiving objects:  37% (941/2541)
Receiving objects:  38% (966/2541)
Receiving objects:  39% (991/2541)
Receiving objects:  40% (1017/2541)
Receiving objects:  41% (1042/2541)
Receiving objects:  42% (1068/2541)
Receiving objects:  43% (1093/2541)
Receiving objects:  44% (1119/2541)
Receiving objects:  45% (1144/2541)
Receiving objects:  46% (1169/2541)
Receiving objects:  47% (1195/2541)
Receiving objects:  48% (1220/2541)
Receiving objects:  49% (1246/2541)
Receiving objects:  50% (1271/2541)
Receiving objects:  51% (1296/2541)
Receiving objects:  52% (1322/2541)
Receiving objects:  53% (1347/2541)
Receiving objects:  54% (1373/2541)
Receiving objects:  55% (1398/2541)
Receiving objects:  56% (1423/2541)
Receiving objects:  57% (1449/2541)
Receiving objects:  58% (1474/2541)
Receiving objects:  59% (1500/2541)
Receiving objects:  60% (1525/2541)
Receiving objects:  61% (1551/2541)
Receiving objects:  62% (1576/2541)
Receiving objects:  63% (1601/2541)
Receiving objects:  64% (1627/2541)
Receiving objects:  65% (1652/2541)
Receiving objects:  66% (1678/2541)
Receiving objects:  67% (1703/2541)
Receiving objects:  68% (1728/2541)
Receiving objects:  69% (1754/2541)
Receiving objects:  70% (1779/2541)
Receiving objects:  71% (1805/2541)
Receiving objects:  72% (1830/2541)
Receiving objects:  73% (1855/2541)
Receiving objects:  74% (1881/2541)
Receiving objects:  75% (1906/2541)
remote: Total 2541 (delta 1575), reused 2096 (delta 1330)[K
Receiving objects:  76% (1932/2541)
Receiving objects:  77% (1957/2541)
Receiving objects:  78% (1982/2541)
Receiving objects:  79% (2008/2541)
Receiving objects:  80% (2033/2541)
Receiving objects:  81% (2059/2541)
Receiving objects:  82% (2084/2541)
Receiving objects:  83% (2110/2541)
Receiving objects:  84% (2135/2541)
Receiving objects:  85% (2160/2541)
Receiving objects:  86% (2186/2541)
Receiving objects:  87% (2211/2541)
Receiving objects:  88% (2237/2541)
Receiving objects:  89% (2262/2541)
Receiving objects:  90% (2287/2541)
Receiving objects:  91% (2313/2541)
Receiving objects:  92% (2338/2541)
Receiving objects:  93% (2364/2541)
Receiving objects:  94% (2389/2541)
Receiving objects:  95% (2414/2541)
Receiving objects:  96% (2440/2541)
Receiving objects:  97% (2465/2541)
Receiving objects:  98% (2491/2541)
Receiving objects:  99% (2516/2541)
Receiving objects: 100% (2541/2541)
Receiving objects: 100% (2541/2541), 1.12 MiB | 0 bytes/s, done.
Resolving deltas:   0% (0/1575)
Resolving deltas:   5% (85/1575)
Resolving deltas:   6% (99/1575)
Resolving deltas:   7% (119/1575)
Resolving deltas:   8% (129/1575)
Resolving deltas:   9% (157/1575)
Resolving deltas:  14% (230/1575)
Resolving deltas:  15% (241/1575)
Resolving deltas:  16% (254/1575)
Resolving deltas:  17% (282/1575)
Resolving deltas:  24% (393/1575)
Resolving deltas:  25% (398/1575)
Resolving deltas:  26% (414/1575)
Resolving deltas:  27% (434/1575)
Resolving deltas:  30% (482/1575)
Resolving deltas:  31% (497/1575)
Resolving deltas:  33% (525/1575)
Resolving deltas:  39% (615/1575)
Resolving deltas:  45% (710/1575)
Resolving deltas:  46% (732/1575)
Resolving deltas:  47% (741/1575)
Resolving deltas:  48% (757/1575)
Resolving deltas:  49% (782/1575)
Resolving deltas:  50% (791/1575)
Resolving deltas:  51% (807/1575)
Resolving deltas:  52% (825/1575)
Resolving deltas:  53% (842/1575)
Resolving deltas:  54% (853/1575)
Resolving deltas:  55% (869/1575)
Resolving deltas:  57% (906/1575)
Resolving deltas:  58% (916/1575)
Resolving deltas:  62% (980/1575)
Resolving deltas:  64% (1008/1575)
Resolving deltas:  65% (1025/1575)
Resolving deltas:  66% (1044/1575)
Resolving deltas:  67% (1059/1575)
Resolving deltas:  68% (1071/1575)
Resolving deltas:  69% (1088/1575)
Resolving deltas:  70% (1104/1575)
Resolving deltas:  71% (1119/1575)
Resolving deltas:  72% (1136/1575)
Resolving deltas:  73% (1158/1575)
Resolving deltas:  74% (1170/1575)
Resolving deltas:  75% (1184/1575)
Resolving deltas:  76% (1197/1575)
Resolving deltas:  77% (1214/1575)
Resolving deltas:  78% (1230/1575)
Resolving deltas:  79% (1245/1575)
Resolving deltas:  80% (1260/1575)
Resolving deltas:  81% (1283/1575)
Resolving deltas:  82% (1296/1575)
Resolving deltas:  83% (1309/1575)
Resolving deltas:  84% (1325/1575)
Resolving deltas:  85% (1340/1575)
Resolving deltas:  86% (1361/1575)
Resolving deltas:  87% (1377/1575)
Resolving deltas:  88% (1388/1575)
Resolving deltas:  89% (1404/1575)
Resolving deltas:  90% (1419/1575)
Resolving deltas:  91% (1434/1575)
Resolving deltas:  92% (1450/1575)
Resolving deltas:  93% (1477/1575)
Resolving deltas:  94% (1486/1575)
Resolving deltas:  95% (1508/1575)
Resolving deltas:  96% (1515/1575)
Resolving deltas:  97% (1530/1575)
Resolving deltas:  98% (1544/1575)
Resolving deltas:  99% (1560/1575)
Resolving deltas: 100% (1575/1575)
Resolving deltas: 100% (1575/1575), done.
travis_fold:end:git.1
$ cd networkx/networkx
travis_fold:start:git.2
$ git checkout -qf 918cf762de15eb60d81173f4f636434a737660e0
travis_fold:end:git.2
$ source ~/virtualenv/python3.3/bin/activate
$ python --version
Python 3.3.2
$ pip --version
pip 1.3.1 from /home/travis/virtualenv/python3.3/lib/python3.3/site-packages/pip-1.3.1-py3.3.egg (python 3.3)
Could not locate requirements.txt. Override the install: key in your .travis.yml to install dependencies.
$ nosetests
======================================================================
FAIL: Doctest: networkx.algorithms.connectivity.cuts.minimum_st_edge_cut
----------------------------------------------------------------------
Traceback (most recent call last):
  File "/usr/lib/python3.3/doctest.py", line 2154, in runTest
    raise self.failureException(self.format_failure(new.getvalue()))
nose.proxy.AssertionError: Failed doctest test for networkx.algorithms.connectivity.cuts.minimum_st_edge_cut
  File "/home/travis/build/networkx/networkx/networkx/algorithms/connectivity/cuts.py", line 22, in minimum_st_edge_cut

----------------------------------------------------------------------
File "/home/travis/build/networkx/networkx/networkx/algorithms/connectivity/cuts.py", line 69, in networkx.algorithms.connectivity.cuts.minimum_st_edge_cut
Failed example:
    list(nx.minimum_edge_cut(G, 'x', 'y'))
Expected:
    [('c', 'y'), ('x', 'b')]
Got:
    [('x', 'b'), ('c', 'y')]

>>  raise self.failureException(self.format_failure(<_io.StringIO object at 0x7fdf96723938>.getvalue()))


----------------------------------------------------------------------
Ran 1597 tests in 13.499s

FAILED (SKIP=64, failures=1)

The command "nosetests" exited with 1.

Done. Your build exited with 1.
