Using worker: worker-linux-5-2.bb.travis-ci.org:travis-linux-10

travis_fold:start:git.1
$ git clone --depth=50 --branch=master git://github.com/networkx/networkx.git networkx/networkx
Cloning into 'networkx/networkx'...
remote: Counting objects: 2523, done.[K
remote: Compressing objects:   0% (1/1195)   [K
remote: Compressing objects:   1% (12/1195)   [K
remote: Compressing objects:   2% (24/1195)   [K
remote: Compressing objects:   3% (36/1195)   [K
remote: Compressing objects:   4% (48/1195)   [K
remote: Compressing objects:   5% (60/1195)   [K
remote: Compressing objects:   6% (72/1195)   [K
remote: Compressing objects:   7% (84/1195)   [K
remote: Compressing objects:   8% (96/1195)   [K
remote: Compressing objects:   9% (108/1195)   [K
remote: Compressing objects:  10% (120/1195)   [K
remote: Compressing objects:  11% (132/1195)   [K
remote: Compressing objects:  12% (144/1195)   [K
remote: Compressing objects:  13% (156/1195)   [K
remote: Compressing objects:  14% (168/1195)   [K
remote: Compressing objects:  15% (180/1195)   [K
remote: Compressing objects:  16% (192/1195)   [K
remote: Compressing objects:  17% (204/1195)   [K
remote: Compressing objects:  18% (216/1195)   [K
remote: Compressing objects:  19% (228/1195)   [K
remote: Compressing objects:  20% (239/1195)   [K
remote: Compressing objects:  21% (251/1195)   [K
remote: Compressing objects:  22% (263/1195)   [K
remote: Compressing objects:  23% (275/1195)   [K
remote: Compressing objects:  24% (287/1195)   [K
remote: Compressing objects:  25% (299/1195)   [K
remote: Compressing objects:  26% (311/1195)   [K
remote: Compressing objects:  27% (323/1195)   [K
remote: Compressing objects:  28% (335/1195)   [K
remote: Compressing objects:  29% (347/1195)   [K
remote: Compressing objects:  30% (359/1195)   [K
remote: Compressing objects:  31% (371/1195)   [K
remote: Compressing objects:  32% (383/1195)   [K
remote: Compressing objects:  33% (395/1195)   [K
remote: Compressing objects:  34% (407/1195)   [K
remote: Compressing objects:  35% (419/1195)   [K
remote: Compressing objects:  36% (431/1195)   [K
remote: Compressing objects:  37% (443/1195)   [K
remote: Compressing objects:  38% (455/1195)   [K
remote: Compressing objects:  39% (467/1195)   [K
remote: Compressing objects:  40% (478/1195)   [K
remote: Compressing objects:  41% (490/1195)   [K
remote: Compressing objects:  42% (502/1195)   [K
remote: Compressing objects:  43% (514/1195)   [K
remote: Compressing objects:  44% (526/1195)   [K
remote: Compressing objects:  45% (538/1195)   [K
remote: Compressing objects:  46% (550/1195)   [K
remote: Compressing objects:  47% (562/1195)   [K
remote: Compressing objects:  48% (574/1195)   [K
remote: Compressing objects:  49% (586/1195)   [K
remote: Compressing objects:  50% (598/1195)   [K
remote: Compressing objects:  51% (610/1195)   [K
remote: Compressing objects:  52% (622/1195)   [K
remote: Compressing objects:  53% (634/1195)   [K
remote: Compressing objects:  54% (646/1195)   [K
remote: Compressing objects:  55% (658/1195)   [K
remote: Compressing objects:  56% (670/1195)   [K
remote: Compressing objects:  57% (682/1195)   [K
remote: Compressing objects:  58% (694/1195)   [K
remote: Compressing objects:  59% (706/1195)   [K
remote: Compressing objects:  60% (717/1195)   [K
remote: Compressing objects:  61% (729/1195)   [K
remote: Compressing objects:  62% (741/1195)   [K
remote: Compressing objects:  63% (753/1195)   [K
remote: Compressing objects:  64% (765/1195)   [K
remote: Compressing objects:  65% (777/1195)   [K
remote: Compressing objects:  66% (789/1195)   [K
remote: Compressing objects:  67% (801/1195)   [K
remote: Compressing objects:  68% (813/1195)   [K
remote: Compressing objects:  69% (825/1195)   [K
remote: Compressing objects:  70% (837/1195)   [K
remote: Compressing objects:  71% (849/1195)   [K
remote: Compressing objects:  72% (861/1195)   [K
remote: Compressing objects:  73% (873/1195)   [K
remote: Compressing objects:  74% (885/1195)   [K
remote: Compressing objects:  75% (897/1195)   [K
remote: Compressing objects:  76% (909/1195)   [K
remote: Compressing objects:  77% (921/1195)   [K
remote: Compressing objects:  78% (933/1195)   [K
remote: Compressing objects:  79% (945/1195)   [K
remote: Compressing objects:  80% (956/1195)   [K
remote: Compressing objects:  81% (968/1195)   [K
remote: Compressing objects:  82% (980/1195)   [K
remote: Compressing objects:  83% (992/1195)   [K
remote: Compressing objects:  84% (1004/1195)   [K
remote: Compressing objects:  85% (1016/1195)   [K
remote: Compressing objects:  86% (1028/1195)   [K
remote: Compressing objects:  87% (1040/1195)   [K
remote: Compressing objects:  88% (1052/1195)   [K
remote: Compressing objects:  89% (1064/1195)   [K
remote: Compressing objects:  90% (1076/1195)   [K
remote: Compressing objects:  91% (1088/1195)   [K
remote: Compressing objects:  92% (1100/1195)   [K
remote: Compressing objects:  93% (1112/1195)   [K
remote: Compressing objects:  94% (1124/1195)   [K
remote: Compressing objects:  95% (1136/1195)   [K
remote: Compressing objects:  96% (1148/1195)   [K
remote: Compressing objects:  97% (1160/1195)   [K
remote: Compressing objects:  98% (1172/1195)   [K
remote: Compressing objects:  99% (1184/1195)   [K
remote: Compressing objects: 100% (1195/1195)   [K
remote: Compressing objects: 100% (1195/1195), done.[K
Receiving objects:   0% (1/2523)
Receiving objects:   1% (26/2523)
Receiving objects:   2% (51/2523)
Receiving objects:   3% (76/2523)
Receiving objects:   4% (101/2523)
Receiving objects:   5% (127/2523)
Receiving objects:   6% (152/2523)
Receiving objects:   7% (177/2523)
Receiving objects:   8% (202/2523)
Receiving objects:   9% (228/2523)
Receiving objects:  10% (253/2523)
Receiving objects:  11% (278/2523)
Receiving objects:  12% (303/2523)
Receiving objects:  13% (328/2523)
Receiving objects:  14% (354/2523)
Receiving objects:  15% (379/2523)
Receiving objects:  16% (404/2523)
Receiving objects:  17% (429/2523)
Receiving objects:  18% (455/2523)
Receiving objects:  19% (480/2523)
Receiving objects:  20% (505/2523)
Receiving objects:  21% (530/2523)
Receiving objects:  22% (556/2523)
Receiving objects:  23% (581/2523)
Receiving objects:  24% (606/2523)
Receiving objects:  25% (631/2523)
Receiving objects:  26% (656/2523)
Receiving objects:  27% (682/2523)
Receiving objects:  28% (707/2523)
Receiving objects:  29% (732/2523)
Receiving objects:  30% (757/2523)
Receiving objects:  31% (783/2523)
Receiving objects:  32% (808/2523)
Receiving objects:  33% (833/2523)
Receiving objects:  34% (858/2523)
Receiving objects:  35% (884/2523)
Receiving objects:  36% (909/2523)
Receiving objects:  37% (934/2523)
Receiving objects:  38% (959/2523)
Receiving objects:  39% (984/2523)
Receiving objects:  40% (1010/2523)
Receiving objects:  41% (1035/2523)
Receiving objects:  42% (1060/2523)
Receiving objects:  43% (1085/2523)
Receiving objects:  44% (1111/2523)
Receiving objects:  45% (1136/2523)
Receiving objects:  46% (1161/2523)
Receiving objects:  47% (1186/2523)
Receiving objects:  48% (1212/2523)
Receiving objects:  49% (1237/2523)
Receiving objects:  50% (1262/2523)
Receiving objects:  51% (1287/2523)
Receiving objects:  52% (1312/2523)
Receiving objects:  53% (1338/2523)
Receiving objects:  54% (1363/2523)
Receiving objects:  55% (1388/2523)
Receiving objects:  56% (1413/2523)
Receiving objects:  57% (1439/2523)
Receiving objects:  58% (1464/2523)
Receiving objects:  59% (1489/2523)
Receiving objects:  60% (1514/2523)
Receiving objects:  61% (1540/2523)
Receiving objects:  62% (1565/2523)
Receiving objects:  63% (1590/2523)
Receiving objects:  64% (1615/2523)
Receiving objects:  65% (1640/2523)
Receiving objects:  66% (1666/2523)
Receiving objects:  67% (1691/2523)
Receiving objects:  68% (1716/2523)
Receiving objects:  69% (1741/2523)
Receiving objects:  70% (1767/2523)
Receiving objects:  71% (1792/2523)
Receiving objects:  72% (1817/2523)
Receiving objects:  73% (1842/2523)
Receiving objects:  74% (1868/2523)
Receiving objects:  75% (1893/2523)
Receiving objects:  76% (1918/2523)
Receiving objects:  77% (1943/2523)
Receiving objects:  78% (1968/2523)
Receiving objects:  79% (1994/2523)
Receiving objects:  80% (2019/2523)
Receiving objects:  81% (2044/2523)
Receiving objects:  82% (2069/2523)
Receiving objects:  83% (2095/2523)
Receiving objects:  84% (2120/2523)
Receiving objects:  85% (2145/2523)
Receiving objects:  86% (2170/2523)
Receiving objects:  87% (2196/2523)
Receiving objects:  88% (2221/2523)
Receiving objects:  89% (2246/2523)
Receiving objects:  90% (2271/2523)
Receiving objects:  91% (2296/2523)
Receiving objects:  92% (2322/2523)
Receiving objects:  93% (2347/2523)
Receiving objects:  94% (2372/2523)
Receiving objects:  95% (2397/2523)
Receiving objects:  96% (2423/2523)
remote: Total 2523 (delta 1560), reused 2076 (delta 1312)[K
Receiving objects:  97% (2448/2523)
Receiving objects:  98% (2473/2523)
Receiving objects:  99% (2498/2523)
Receiving objects: 100% (2523/2523)
Receiving objects: 100% (2523/2523), 1.12 MiB | 0 bytes/s, done.
Resolving deltas:   0% (0/1560)
Resolving deltas:   4% (75/1560)
Resolving deltas:   5% (81/1560)
Resolving deltas:   7% (124/1560)
Resolving deltas:   8% (132/1560)
Resolving deltas:  10% (156/1560)
Resolving deltas:  11% (178/1560)
Resolving deltas:  12% (199/1560)
Resolving deltas:  17% (268/1560)
Resolving deltas:  18% (292/1560)
Resolving deltas:  19% (311/1560)
Resolving deltas:  26% (410/1560)
Resolving deltas:  28% (444/1560)
Resolving deltas:  29% (456/1560)
Resolving deltas:  36% (566/1560)
Resolving deltas:  37% (583/1560)
Resolving deltas:  38% (598/1560)
Resolving deltas:  39% (618/1560)
Resolving deltas:  40% (630/1560)
Resolving deltas:  45% (712/1560)
Resolving deltas:  46% (727/1560)
Resolving deltas:  47% (741/1560)
Resolving deltas:  48% (752/1560)
Resolving deltas:  49% (770/1560)
Resolving deltas:  50% (782/1560)
Resolving deltas:  51% (796/1560)
Resolving deltas:  52% (821/1560)
Resolving deltas:  53% (832/1560)
Resolving deltas:  54% (857/1560)
Resolving deltas:  55% (860/1560)
Resolving deltas:  56% (876/1560)
Resolving deltas:  61% (958/1560)
Resolving deltas:  62% (968/1560)
Resolving deltas:  63% (992/1560)
Resolving deltas:  64% (999/1560)
Resolving deltas:  65% (1014/1560)
Resolving deltas:  66% (1034/1560)
Resolving deltas:  67% (1058/1560)
Resolving deltas:  68% (1072/1560)
Resolving deltas:  69% (1078/1560)
Resolving deltas:  70% (1094/1560)
Resolving deltas:  71% (1109/1560)
Resolving deltas:  72% (1126/1560)
Resolving deltas:  73% (1142/1560)
Resolving deltas:  74% (1159/1560)
Resolving deltas:  75% (1179/1560)
Resolving deltas:  76% (1190/1560)
Resolving deltas:  77% (1202/1560)
Resolving deltas:  78% (1217/1560)
Resolving deltas:  79% (1233/1560)
Resolving deltas:  80% (1248/1560)
Resolving deltas:  81% (1272/1560)
Resolving deltas:  82% (1284/1560)
Resolving deltas:  83% (1296/1560)
Resolving deltas:  84% (1311/1560)
Resolving deltas:  85% (1333/1560)
Resolving deltas:  86% (1347/1560)
Resolving deltas:  87% (1362/1560)
Resolving deltas:  88% (1373/1560)
Resolving deltas:  89% (1390/1560)
Resolving deltas:  90% (1404/1560)
Resolving deltas:  91% (1422/1560)
Resolving deltas:  92% (1437/1560)
Resolving deltas:  93% (1459/1560)
Resolving deltas:  94% (1471/1560)
Resolving deltas:  95% (1493/1560)
Resolving deltas:  96% (1500/1560)
Resolving deltas:  97% (1515/1560)
Resolving deltas:  98% (1529/1560)
Resolving deltas:  99% (1547/1560)
Resolving deltas: 100% (1560/1560)
Resolving deltas: 100% (1560/1560), done.
travis_fold:end:git.1
$ cd networkx/networkx
travis_fold:start:git.2
$ git checkout -qf 39e45a2d50d6a508decdb27cab029136e1ed244b
travis_fold:end:git.2
$ source ~/virtualenv/pypy/bin/activate
$ python --version
Python 2.7.2 (341e1e3821ff, Jun 07 2012, 15:38:48)
[PyPy 1.9.0 with GCC 4.4.3]
$ pip --version
pip 1.3.1 from /home/travis/virtualenv/pypy/site-packages/pip-1.3.1-py2.7.egg (python 2.7)
Could not locate requirements.txt. Override the install: key in your .travis.yml to install dependencies.
$ nosetests -v
..........SS.S......SS...S....S................S.........SSSS.........................................S..SSS.......................................................SSSSSSS......SSS............SSS............................................................................................................E.........................................................................................................SSSS..SSSSSS..S...............................................................................................S..................................................................................................................................................................................................................................................................................................................................................................................................................................................................................................................................................................................................................................................................................................................................................................................................................................................SSSSSSSSS....................................................................................................S......SSSS...........S..............................SS..........................................S.......................S......S.....................S.............................SS....................
======================================================================
ERROR: test_cuts.test_node_cutset_random_graphs
----------------------------------------------------------------------
Traceback (most recent call last):
  File "/home/travis/virtualenv/pypy/site-packages/nose/case.py", line 197, in runTest
    self.test(*self.arg)
  File "/home/travis/build/networkx/networkx/networkx/algorithms/connectivity/tests/test_cuts.py", line 124, in test_node_cutset_random_graphs
    cutset = nx.minimum_node_cut(G)
  File "/home/travis/build/networkx/networkx/networkx/algorithms/connectivity/cuts.py", line 238, in minimum_node_cut
    raise nx.NetworkXError('Input graph is not connected')
NetworkXError: Input graph is not connected

----------------------------------------------------------------------
Ran 1597 tests in 30.651s

FAILED (SKIP=64, errors=1)

The command "nosetests -v" exited with 1.

Done. Your build exited with 1.
